// Jest Snapshot v1, https://goo.gl/fbAQLP

exports[`Add to cart button populates cart screen renders correctly 1`] = `
{
  "asFragment": [Function],
  "baseElement": <body>
    <div>
      <div
        class="flex flex-col items-center gap-6"
      >
        <img
          alt="cat walking next to bay"
          class="w-px-600 h-auto border-4 border-first"
          src="/src/assets/catHero.jpg"
        />
        <a
          class="absolute top-[50%] flex h-11 w-40 items-center justify-center rounded-3xl border-4 bg-accent text-xl text-white"
          data-testid="shop-button"
          href="/shop"
        >
          <div>
            Shop Now
          </div>
        </a>
      </div>
    </div>
  </body>,
  "container": <div>
    <div
      class="flex flex-col items-center gap-6"
    >
      <img
        alt="cat walking next to bay"
        class="w-px-600 h-auto border-4 border-first"
        src="/src/assets/catHero.jpg"
      />
      <a
        class="absolute top-[50%] flex h-11 w-40 items-center justify-center rounded-3xl border-4 bg-accent text-xl text-white"
        data-testid="shop-button"
        href="/shop"
      >
        <div>
          Shop Now
        </div>
      </a>
    </div>
  </div>,
  "debug": [Function],
  "findAllByAltText": [Function],
  "findAllByDisplayValue": [Function],
  "findAllByLabelText": [Function],
  "findAllByPlaceholderText": [Function],
  "findAllByRole": [Function],
  "findAllByTestId": [Function],
  "findAllByText": [Function],
  "findAllByTitle": [Function],
  "findByAltText": [Function],
  "findByDisplayValue": [Function],
  "findByLabelText": [Function],
  "findByPlaceholderText": [Function],
  "findByRole": [Function],
  "findByTestId": [Function],
  "findByText": [Function],
  "findByTitle": [Function],
  "getAllByAltText": [Function],
  "getAllByDisplayValue": [Function],
  "getAllByLabelText": [Function],
  "getAllByPlaceholderText": [Function],
  "getAllByRole": [Function],
  "getAllByTestId": [Function],
  "getAllByText": [Function],
  "getAllByTitle": [Function],
  "getByAltText": [Function],
  "getByDisplayValue": [Function],
  "getByLabelText": [Function],
  "getByPlaceholderText": [Function],
  "getByRole": [Function],
  "getByTestId": [Function],
  "getByText": [Function],
  "getByTitle": [Function],
  "queryAllByAltText": [Function],
  "queryAllByDisplayValue": [Function],
  "queryAllByLabelText": [Function],
  "queryAllByPlaceholderText": [Function],
  "queryAllByRole": [Function],
  "queryAllByTestId": [Function],
  "queryAllByText": [Function],
  "queryAllByTitle": [Function],
  "queryByAltText": [Function],
  "queryByDisplayValue": [Function],
  "queryByLabelText": [Function],
  "queryByPlaceholderText": [Function],
  "queryByRole": [Function],
  "queryByTestId": [Function],
  "queryByText": [Function],
  "queryByTitle": [Function],
  "rerender": [Function],
  "unmount": [Function],
}
`;
